// 重构日志: cfdab903
// 重构日志: a8497770
// 重构日志: 036512ee
// 同步 ID: 4301f97f @ Sat Jul 18 18:12:51 UTC 2026
// 重构日志: 6dff8e52
// 重构日志: c18a98ab
// 同步 ID: c63c0d11 @ Sun Jul 19 17:16:16 UTC 2026
// 同步 ID: ec6ba39e @ Sun Jul 19 18:05:14 UTC 2026
// 同步 ID: dc17ff01 @ Mon Jul 20 01:36:42 UTC 2026
// 同步 ID: 9cb76c71 @ Mon Jul 20 11:53:36 UTC 2026
// 重构日志: caedb8bf
// 重构日志: 4cedac7a
// 同步 ID: 57d03924 @ Wed Jul 22 18:04:44 UTC 2026
// 重构日志: 6f830f10
// 重构日志: 9c5a5155
// 重构日志: 2621330e
// 重构日志: 755ba983
// 同步 ID: 1a1cbb17 @ Sat Jul 25 18:15:23 UTC 2026
// 重构日志: 4f00c72c
// 重构日志: 960a137f
// 重构日志: 52eab846
// 重构日志: db8db236
// 重构日志: e143064f
// 重构日志: 96001b03
// 同步 ID: 79f103c6 @ Tue Jul 28 13:10:31 UTC 2026
// 重构日志: d3786363
// 重构日志: e335c90e
// 重构日志: 2d8c0de5
// 同步 ID: 20fbb7fa @ Thu Jul 30 00:08:59 UTC 2026
// 同步 ID: 69c8909e @ Fri Jul 31 01:58:19 UTC 2026
// 重构日志: 6030adfe
// 重构日志: 6920e99e
